// Jest Snapshot v1, https://goo.gl/fbAQLP

exports[`Quiz game Shows answer status 1`] = `
"<div>
  <h1>Quiz App</h1>
  <div data-testid=\\"status\\">You have answered 3 of 10 correctly</div><a href=\\"/question\\"><button>Take a quiz</button></a>
</div>"
`;

exports[`Quiz game Shows question 1`] = `
"<div>
  <h1>How are you?</h1>
  <div data-testid=\\"answer_a\\"><button>Good</button></div>
  <div data-testid=\\"answer_b\\"><button>Bad</button></div>
  <div data-testid=\\"answer_c\\"><button>OK</button></div>
</div>"
`;

exports[`Quiz game records correct answer 1`] = `
"<div>
  <h1>How are you?</h1>
  <div data-testid=\\"answer_a\\"><button>Good</button></div>
  <div data-testid=\\"answer_b\\"><button>Bad</button></div>
  <div data-testid=\\"answer_c\\"><button>OK</button></div>
</div>"
`;
